Using the latest cached version of the dataset since HuggingFaceH4/MATH-500 couldn't be found on the Hugging Face Hub (offline mode is enabled).
Found the latest cached dataset configuration 'default' at /home/ubuntu/.cache/huggingface/datasets/HuggingFaceH4___math-500/default/0.0.0/6e4ed1a2a79af7d8630a6b768ec859cb5af4d3be (last modified on Wed Oct  7 03:17:51 2026).
# math500 @ 0.5B  (n = 32 samples/problem, 500 problems)

| condition | seeds | Pass@1 | Pass@2 | Pass@4 | Pass@8 | Pass@16 | Pass@32 | slope | entered / exited | pos. weight | mode entropy | rollouts/problem |
|---|---|---|---|---|---|---|---|---|---|---|---|---|
| base | - | 0.303 | 0.404 | 0.501 | 0.588 | 0.663 | 0.730 | - | - | - | - | - |
| cb_grpo | 2 | 0.312 | 0.415 | 0.513 | 0.602 | 0.679 | 0.746 | +0.0021 | 34.0 / 26.0 | 1.000 | 0.734 | 2.0 |
| h_cb_grpo | 3 | 0.314 | 0.417 | 0.516 | 0.606 | 0.685 | 0.753 | +0.0037 | 32.3 / 20.7 | 0.329 | 0.690 | 2.0 |
| heg_grpo | 3 | 0.308 | 0.413 | 0.513 | 0.603 | 0.681 | 0.747 | +0.0035 | 33.3 / 25.0 | 1.000 | 0.733 | 2.0 |
| meg | 3 | 0.304 | 0.408 | 0.508 | 0.597 | 0.671 | 0.735 | +0.0013 | 30.7 / 28.3 | 1.000 | 0.737 | 2.0 |
| o_self | 2 | 0.308 | 0.411 | 0.511 | 0.601 | 0.680 | 0.752 | +0.0048 | 36.5 / 25.5 | 0.286 | 0.723 | 2.0 |
| vanilla | 3 | 0.304 | 0.409 | 0.511 | 0.604 | 0.684 | 0.753 | +0.0066 | 36.3 / 25.0 | 1.000 | 0.748 | 2.0 |

## Change vs base by MATH subject (pp), Pass@1 / Pass@32

| condition | Algebra | Counting & Probability | Geometry | Intermediate Algebra | Number Theory | Prealgebra | Precalculus |
|---|---|---|---|---|---|---|---|
| cb_grpo | +0.6 / +4.4 | +1.4 / +6.6 | +0.7 / -2.4 | +0.8 / +2.6 | +0.7 / -4.0 | +1.3 / +1.8 | +0.9 / -0.9 |
| h_cb_grpo | +0.9 / +1.9 | +1.4 / +9.6 | +0.3 / -2.4 | +0.5 / +1.0 | +0.8 / +1.1 | +2.3 / +1.6 | +1.7 / +6.5 |
| heg_grpo | +0.4 / +1.1 | +1.2 / +6.1 | +0.1 / -1.6 | +0.3 / +2.1 | +0.1 / -2.2 | +1.1 / +1.6 | +0.9 / +6.0 |
| meg | -0.2 / +1.3 | +0.0 / +4.4 | -0.6 / -2.4 | +0.5 / +1.4 | -0.2 / -2.2 | +0.3 / -1.2 | +0.8 / +1.8 |
| o_self | +0.4 / +2.8 | +1.4 / +7.9 | +0.2 / +1.2 | -0.1 / -1.5 | +1.0 / -0.8 | +0.7 / +3.0 | +0.7 / +6.2 |
| vanilla | +0.2 / +1.6 | +0.4 / +9.6 | -0.1 / +0.0 | +0.1 / +2.7 | +0.2 / +0.5 | -0.6 / -0.4 | +1.0 / +5.4 |

## Contrasts on the shrinkage slope (paired by seed)

| contrast | role | seeds | estimate | 95% CI (seed t) | 95% CI (seeds x problems) | p (Holm for P) |
|---|---|---|---|---|---|---|
| P1  heg_grpo - h_cb_grpo | primary | 3 | -0.0002 | [-0.0113, +0.0108] | [-0.0079, +0.0068] | 1.000 |
| P2  heg_grpo - meg | primary | 3 | +0.0022 | [-0.0134, +0.0179] | [-0.0060, +0.0105] | 1.000 |
| S1  CBxMEG interaction | secondary | 2 | +0.0038 | [-0.0760, +0.0836] | [-0.0094, +0.0169] | 0.493 (unadj.) |
| S2  CBxSELF interaction | secondary | 2 | +0.0046 | [-0.0592, +0.0684] | [-0.0071, +0.0168] | 0.396 (unadj.) |
| S3  CB main effect | secondary | 2 | -0.0018 | [-0.0148, +0.0113] | [-0.0059, +0.0025] | 0.360 (unadj.) |
| E1  heg_grpo - vanilla | exploratory | 3 | -0.0031 | [-0.0092, +0.0030] | [-0.0091, +0.0030] | 0.291 (unadj.) |

Positive estimate = the first condition shrinks less. Interactions are reported as bounds (secondary), not verdicts. ** = primary contrast significant after Holm.

Wrote /home/ubuntu/artifacts/analysis/math500_0.5B.md/.json/.png
