Using the latest cached version of the dataset since HuggingFaceH4/MATH-500 couldn't be found on the Hugging Face Hub (offline mode is enabled).
Found the latest cached dataset configuration 'default' at /home/ubuntu/.cache/huggingface/datasets/HuggingFaceH4___math-500/default/0.0.0/6e4ed1a2a79af7d8630a6b768ec859cb5af4d3be (last modified on Wed Oct  7 03:17:51 2026).
base: partitioning 500 problems (bigram, threshold 0.4)
cb_grpo/seed0: partitioning
cb_grpo/seed1: partitioning
h_cb_grpo/seed0: partitioning
h_cb_grpo/seed1: partitioning
h_cb_grpo/seed2: partitioning
heg_grpo/seed0: partitioning
heg_grpo/seed1: partitioning
heg_grpo/seed2: partitioning
meg/seed0: partitioning
meg/seed1: partitioning
meg/seed2: partitioning
o_self/seed0: partitioning
o_self/seed1: partitioning
vanilla/seed0: partitioning
vanilla/seed1: partitioning
vanilla/seed2: partitioning
# Mechanism analysis (0.5B, MATH-500, descriptive)

Base model: 6.73 correct modes per problem, top-mode share 0.43, normalized entropy 0.67.

| condition | seeds | slope | exits | entries | modes | d modes vs base | top share | d top share | train ent (last) | KL (last) |
|---|---|---|---|---|---|---|---|---|---|---|
| cb_grpo | 2 | +0.0021 | 26.0 | 34.0 | 7.08 | +0.515 | 0.415 | -0.015 | 0.741 | 0.0009 |
| h_cb_grpo | 3 | +0.0037 | 20.7 | 32.3 | 6.70 | +0.104 | 0.435 | +0.007 | 0.664 | 0.0005 |
| heg_grpo | 3 | +0.0035 | 25.0 | 33.3 | 6.98 | +0.420 | 0.411 | -0.020 | 0.704 | 0.0010 |
| meg | 3 | +0.0013 | 28.3 | 30.7 | 7.55 | +0.917 | 0.381 | -0.048 | 0.734 | 0.0021 |
| o_self | 2 | +0.0048 | 25.5 | 36.5 | 6.97 | +0.359 | 0.417 | -0.013 | 0.690 | 0.0008 |
| vanilla | 3 | +0.0066 | 25.0 | 36.3 | 7.39 | +0.942 | 0.386 | -0.050 | 0.762 | 0.0028 |

## Links across runs (Spearman)

| link | n | rho | p |
|---|---|---|---|
| diversity_change -> exits (modes_delta vs exits) | 16 | +0.57 | 0.022 |
| concentration_change -> exits (top_share_delta vs exits) | 16 | -0.47 | 0.068 |
| exits -> slope | 16 | -0.36 | 0.173 |
| diversity_change -> slope (modes_delta vs slope) | 16 | -0.01 | 0.966 |
| training entropy (last 20%) -> slope | 16 | +0.11 | 0.672 |
| policy movement (KL, last 20%) -> slope | 16 | +0.30 | 0.264 |
| topic spend share -> topic Pass@32 change (CB runs, pooled) | 28 | +0.01 | 0.964 |
