[2026-10-06 17:07:58] run=vanilla size=0.5B seed=1 tier=standard steps=120 device=cuda gpu=NVIDIA A10G
[2026-10-06 17:08:00] [after model load] allocated=1.02GB peak=1.02GB
[2026-10-06 17:08:01] 7494 math train prompts, 50 math500 monitor problems; 0.26 epochs = 2.0 rollouts per training problem
[2026-10-06 17:08:01] Macro topics = MATH subjects: {'Algebra': 1742, 'Counting & Probability': 771, 'Geometry': 868, 'Intermediate Algebra': 1295, 'Number Theory': 867, 'Prealgebra': 1205, 'Precalculus': 746}
[2026-10-06 17:08:01] Gate: vanilla | mode partition: bigram
[2026-10-06 17:08:01] Computing base-model monitor Pass@k (one-time per model size)...
[2026-10-06 17:13:36] Base monitor Pass@k: {1: 0.26, 2: 0.34488888888888886, 3: 0.39833333333333326, 5: 0.4627777777777778, 10: 0.54}
[2026-10-06 17:13:36] Training 120 steps: 16 prompts x 8 rollouts x 1 micro-steps per update, lr=1e-05
[2026-10-06 17:14:56] step    0/120 |  79.1s | reward=+0.422 cor=0.42 zv=0.50 | gate_w=1.000 pos_w=1.000 ent=0.692 | kl=0.0000 | len=581 trunc=0.16 | lr=0.00e+00 | ETA 02h36m | $0.02 so far, ~$2.63 left
[2026-10-06 17:22:11] step    5/120 |  88.6s | reward=+0.461 cor=0.46 zv=0.25 | gate_w=1.000 pos_w=1.000 ent=0.825 | kl=0.0002 | len=480 trunc=0.08 | lr=4.17e-06 | ETA 02h39m | $0.14 so far, ~$2.67 left
[2026-10-06 17:29:46] step   10/120 |  90.8s | reward=+0.336 cor=0.34 zv=0.62 | gate_w=1.000 pos_w=1.000 ent=0.760 | kl=0.0002 | len=605 trunc=0.18 | lr=8.33e-06 | ETA 02h41m | $0.27 so far, ~$2.70 left
[2026-10-06 17:37:13] step   15/120 | 107.7s | reward=+0.164 cor=0.16 zv=0.50 | gate_w=1.000 pos_w=1.000 ent=0.968 | kl=0.0002 | len=640 trunc=0.16 | lr=9.98e-06 | ETA 02h31m | $0.40 so far, ~$2.54 left
[2026-10-06 17:44:44] step   20/120 |  80.0s | reward=+0.219 cor=0.22 zv=0.69 | gate_w=1.000 pos_w=1.000 ent=0.703 | kl=0.0002 | len=599 trunc=0.16 | lr=9.87e-06 | ETA 02h24m | $0.52 so far, ~$2.42 left
[2026-10-06 17:50:31] merged-generation gap (mean |dlogit|): copy-vs-LoRA 9.45e-02, base-vs-LoRA 1.19e-01
[2026-10-06 17:50:32] checkpoint saved at step 25
[2026-10-06 17:51:51] step   25/120 |  79.9s | reward=+0.383 cor=0.38 zv=0.50 | gate_w=1.000 pos_w=1.000 ent=0.640 | kl=0.0001 | len=566 trunc=0.14 | lr=9.65e-06 | ETA 02h17m | $0.64 so far, ~$2.31 left
[2026-10-06 17:59:17] step   30/120 |  81.9s | reward=+0.438 cor=0.44 zv=0.31 | gate_w=1.000 pos_w=1.000 ent=0.792 | kl=0.0004 | len=584 trunc=0.14 | lr=9.33e-06 | ETA 02h07m | $0.77 so far, ~$2.15 left
[2026-10-06 18:06:51] step   35/120 |  84.3s | reward=+0.328 cor=0.33 zv=0.50 | gate_w=1.000 pos_w=1.000 ent=0.779 | kl=0.0003 | len=547 trunc=0.09 | lr=8.92e-06 | ETA 01h59m | $0.89 so far, ~$2.01 left
[2026-10-06 18:15:24] step   40/120 |  94.8s | reward=+0.391 cor=0.39 zv=0.44 | gate_w=1.000 pos_w=1.000 ent=0.772 | kl=0.0003 | len=566 trunc=0.15 | lr=8.43e-06 | ETA 01h52m | $1.04 so far, ~$1.89 left
[2026-10-06 18:23:14] step   45/120 | 113.4s | reward=+0.375 cor=0.38 zv=0.44 | gate_w=1.000 pos_w=1.000 ent=0.805 | kl=0.0005 | len=519 trunc=0.09 | lr=7.87e-06 | ETA 01h47m | $1.17 so far, ~$1.81 left
[2026-10-06 18:29:13] merged-generation gap (mean |dlogit|): copy-vs-LoRA 9.78e-02, base-vs-LoRA 1.56e-01
[2026-10-06 18:29:13] checkpoint saved at step 50
[2026-10-06 18:30:47] step   50/120 |  93.8s | reward=+0.312 cor=0.31 zv=0.62 | gate_w=1.000 pos_w=1.000 ent=0.831 | kl=0.0006 | len=631 trunc=0.18 | lr=7.24e-06 | ETA 01h44m | $1.29 so far, ~$1.74 left
[2026-10-06 18:37:49] step   55/120 |  91.2s | reward=+0.500 cor=0.50 zv=0.56 | gate_w=1.000 pos_w=1.000 ent=0.669 | kl=0.0009 | len=469 trunc=0.06 | lr=6.57e-06 | ETA 01h34m | $1.41 so far, ~$1.58 left
[2026-10-06 18:45:24] step   60/120 |  91.0s | reward=+0.406 cor=0.41 zv=0.56 | gate_w=1.000 pos_w=1.000 ent=0.583 | kl=0.0009 | len=554 trunc=0.13 | lr=5.87e-06 | ETA 01h26m | $1.54 so far, ~$1.44 left
[2026-10-06 18:52:34] step   65/120 |  87.3s | reward=+0.289 cor=0.29 zv=0.50 | gate_w=1.000 pos_w=1.000 ent=0.899 | kl=0.0011 | len=506 trunc=0.04 | lr=5.15e-06 | ETA 01h18m | $1.66 so far, ~$1.32 left
[2026-10-06 18:59:39] step   70/120 |  87.5s | reward=+0.367 cor=0.37 zv=0.56 | gate_w=1.000 pos_w=1.000 ent=0.720 | kl=0.0009 | len=553 trunc=0.12 | lr=4.42e-06 | ETA 01h10m | $1.78 so far, ~$1.18 left
[2026-10-06 19:05:28] merged-generation gap (mean |dlogit|): copy-vs-LoRA 1.01e-01, base-vs-LoRA 2.11e-01
[2026-10-06 19:05:29] checkpoint saved at step 75
[2026-10-06 19:07:26] step   75/120 | 117.9s | reward=+0.117 cor=0.12 zv=0.69 | gate_w=1.000 pos_w=1.000 ent=0.770 | kl=0.0024 | len=621 trunc=0.13 | lr=3.71e-06 | ETA 01h03m | $1.91 so far, ~$1.07 left
[2026-10-06 19:14:51] step   80/120 | 115.2s | reward=+0.234 cor=0.23 zv=0.75 | gate_w=1.000 pos_w=1.000 ent=0.677 | kl=0.0022 | len=621 trunc=0.07 | lr=3.02e-06 | ETA 00h55m | $2.03 so far, ~$0.92 left
[2026-10-07 03:19:17] run=vanilla size=0.5B seed=1 tier=standard steps=120 device=cuda gpu=NVIDIA A10G
[2026-10-07 03:19:20] [after model load] allocated=1.02GB peak=1.02GB
[2026-10-07 03:19:20] 7494 math train prompts, 50 math500 monitor problems; 0.26 epochs = 2.0 rollouts per training problem
[2026-10-07 03:19:20] Macro topics = MATH subjects: {'Algebra': 1742, 'Counting & Probability': 771, 'Geometry': 868, 'Intermediate Algebra': 1295, 'Number Theory': 867, 'Prealgebra': 1205, 'Precalculus': 746}
[2026-10-07 03:19:20] Gate: vanilla | mode partition: bigram
[2026-10-07 03:19:20] Resumed from checkpoint at step 75
[2026-10-07 03:19:20] Training 120 steps: 16 prompts x 8 rollouts x 1 micro-steps per update, lr=1e-05
[2026-10-07 03:21:32] step   75/120 | 131.4s | reward=+0.117 cor=0.12 zv=0.69 | gate_w=1.000 pos_w=1.000 ent=0.770 | kl=0.0024 | len=621 trunc=0.13 | lr=3.71e-06 | ETA 01h36m | $0.04 so far, ~$1.62 left
[2026-10-07 03:28:57] step   80/120 | 115.2s | reward=+0.297 cor=0.30 zv=0.38 | gate_w=1.000 pos_w=1.000 ent=0.813 | kl=0.0018 | len=604 trunc=0.09 | lr=3.02e-06 | ETA 00h54m | $0.16 so far, ~$0.91 left
[2026-10-07 03:36:36] step   85/120 |  82.3s | reward=+0.281 cor=0.28 zv=0.44 | gate_w=1.000 pos_w=1.000 ent=0.946 | kl=0.0007 | len=520 trunc=0.08 | lr=2.38e-06 | ETA 00h47m | $0.29 so far, ~$0.79 left
[2026-10-07 03:43:58] step   90/120 |  92.6s | reward=+0.461 cor=0.46 zv=0.25 | gate_w=1.000 pos_w=1.000 ent=0.735 | kl=0.0018 | len=476 trunc=0.02 | lr=1.79e-06 | ETA 00h43m | $0.41 so far, ~$0.72 left
[2026-10-07 03:51:27] step   95/120 | 110.2s | reward=+0.180 cor=0.18 zv=0.44 | gate_w=1.000 pos_w=1.000 ent=0.937 | kl=0.0022 | len=583 trunc=0.08 | lr=1.26e-06 | ETA 00h34m | $0.54 so far, ~$0.58 left
[2026-10-07 03:57:01] merged-generation gap (mean |dlogit|): copy-vs-LoRA 9.55e-02, base-vs-LoRA 2.65e-01
[2026-10-07 03:57:02] checkpoint saved at step 100
[2026-10-07 04:02:33] [monitor eval @ 100] Pass@k={1: 0.23800000000000002, 2: 0.32977777777777784, 3: 0.38733333333333336, 5: 0.4596031746031746, 10: 0.54} slope=+0.0100
[2026-10-07 04:03:53] step  100/120 |  79.5s | reward=+0.500 cor=0.50 zv=0.44 | gate_w=1.000 pos_w=1.000 ent=0.800 | kl=0.0020 | len=479 trunc=0.05 | lr=8.23e-07 | ETA 00h27m | $0.75 so far, ~$0.46 left
[2026-10-07 04:11:25] step  105/120 |  96.0s | reward=+0.359 cor=0.36 zv=0.50 | gate_w=1.000 pos_w=1.000 ent=0.755 | kl=0.0019 | len=525 trunc=0.09 | lr=4.68e-07 | ETA 00h20m | $0.87 so far, ~$0.34 left
[2026-10-07 04:18:59] step  110/120 | 103.8s | reward=+0.312 cor=0.31 zv=0.81 | gate_w=1.000 pos_w=1.000 ent=0.638 | kl=0.0022 | len=545 trunc=0.09 | lr=2.10e-07 | ETA 00h13m | $1.00 so far, ~$0.22 left
[2026-10-07 04:26:16] step  115/120 |  81.6s | reward=+0.258 cor=0.26 zv=0.44 | gate_w=1.000 pos_w=1.000 ent=0.562 | kl=0.0020 | len=548 trunc=0.09 | lr=5.28e-08 | ETA 00h05m | $1.12 so far, ~$0.10 left
[2026-10-07 04:32:07] step  119/120 |  80.4s | reward=+0.406 cor=0.41 zv=0.44 | gate_w=1.000 pos_w=1.000 ent=0.779 | kl=0.0020 | len=468 trunc=0.05 | lr=2.12e-09 | ETA 00h00m | $1.22 so far, ~$0.00 left
[2026-10-07 04:32:07] checkpoint saved at step 120
[2026-10-07 04:32:08] Training complete in 01h12m -> /home/ubuntu/artifacts/runs/vanilla/0.5B/seed1
[2026-10-07 04:32:09] [eval] math500: 500 problems x 32 samples
[2026-10-07 06:46:51] [eval] math500: Pass@k={1: 0.3060625, 2: 0.4118185483870968, 4: 0.5137234705228032, 8: 0.6054216027304793, 16: 0.6858184976821486, 32: 0.758} (134.7 min)
