[2026-10-07 04:49:41] run=h_cb_grpo size=0.5B seed=0 tier=standard steps=120 device=cuda gpu=NVIDIA A10G
[2026-10-07 04:49:44] [after model load] allocated=1.02GB peak=1.02GB
[2026-10-07 04:49:44] 7494 math train prompts, 50 math500 monitor problems; 0.26 epochs = 2.0 rollouts per training problem
[2026-10-07 04:49:44] Macro topics = MATH subjects: {'Algebra': 1742, 'Counting & Probability': 771, 'Geometry': 868, 'Intermediate Algebra': 1295, 'Number Theory': 867, 'Prealgebra': 1205, 'Precalculus': 746}
[2026-10-07 04:49:44] Gate: h_cb_grpo | mode partition: bigram
[2026-10-07 04:49:44] Training 120 steps: 16 prompts x 8 rollouts x 1 micro-steps per update, lr=1e-05
[2026-10-07 04:50:19] run=h_cb_grpo size=0.5B seed=0 tier=standard steps=120 device=cuda gpu=NVIDIA A10G
[2026-10-07 04:50:21] [after model load] allocated=1.02GB peak=1.02GB
[2026-10-07 04:50:22] 7494 math train prompts, 50 math500 monitor problems; 0.26 epochs = 2.0 rollouts per training problem
[2026-10-07 04:50:22] Macro topics = MATH subjects: {'Algebra': 1742, 'Counting & Probability': 771, 'Geometry': 868, 'Intermediate Algebra': 1295, 'Number Theory': 867, 'Prealgebra': 1205, 'Precalculus': 746}
[2026-10-07 04:50:22] Gate: h_cb_grpo | mode partition: bigram
[2026-10-07 04:50:22] Training 120 steps: 16 prompts x 8 rollouts x 1 micro-steps per update, lr=1e-05
[2026-10-07 04:51:51] step    0/120 |  89.6s | reward=+0.281 cor=0.28 zv=0.38 | gate_w=0.500 pos_w=0.056 ent=0.642 sel=0.50 | kl=0.0000 | len=525 trunc=0.07 | lr=0.00e+00 | ETA 02h57m | $0.03 so far, ~$2.98 left
[2026-10-07 05:00:58] step    5/120 | 113.0s | reward=+0.344 cor=0.34 zv=0.50 | gate_w=0.626 pos_w=0.363 ent=0.562 sel=0.62 | kl=0.0002 | len=564 trunc=0.10 | lr=4.17e-06 | ETA 03h10m | $0.18 so far, ~$3.20 left
[2026-10-07 05:09:43] step   10/120 |  98.5s | reward=+0.375 cor=0.38 zv=0.56 | gate_w=0.576 pos_w=0.181 ent=0.599 sel=0.56 | kl=0.0004 | len=602 trunc=0.14 | lr=8.33e-06 | ETA 02h54m | $0.32 so far, ~$2.92 left
[2026-10-07 05:17:48] step   15/120 | 102.4s | reward=+0.188 cor=0.19 zv=0.81 | gate_w=0.750 pos_w=0.253 ent=0.894 sel=0.75 | kl=0.0002 | len=584 trunc=0.15 | lr=9.98e-06 | ETA 02h48m | $0.46 so far, ~$2.82 left
[2026-10-07 05:26:54] step   20/120 |  96.6s | reward=+0.195 cor=0.20 zv=0.44 | gate_w=0.815 pos_w=0.490 ent=0.763 sel=0.81 | kl=0.0002 | len=629 trunc=0.12 | lr=9.87e-06 | ETA 02h42m | $0.61 so far, ~$2.73 left
[2026-10-07 05:33:30] merged-generation gap (mean |dlogit|): copy-vs-LoRA 1.04e-01, base-vs-LoRA 1.09e-01
[2026-10-07 05:33:30] checkpoint saved at step 25
[2026-10-07 05:35:04] step   25/120 |  93.9s | reward=+0.352 cor=0.35 zv=0.56 | gate_w=0.637 pos_w=0.502 ent=0.717 sel=0.62 | kl=0.0003 | len=603 trunc=0.09 | lr=9.65e-06 | ETA 02h34m | $0.75 so far, ~$2.59 left
[2026-10-07 05:43:28] step   30/120 | 112.0s | reward=+0.250 cor=0.25 zv=0.50 | gate_w=0.689 pos_w=0.302 ent=0.750 sel=0.69 | kl=0.0005 | len=540 trunc=0.08 | lr=9.33e-06 | ETA 02h27m | $0.89 so far, ~$2.47 left
[2026-10-07 05:51:48] step   35/120 | 104.3s | reward=+0.227 cor=0.23 zv=0.56 | gate_w=0.736 pos_w=0.251 ent=0.606 sel=0.75 | kl=0.0003 | len=578 trunc=0.18 | lr=8.92e-06 | ETA 02h18m | $1.03 so far, ~$2.32 left
[2026-10-07 06:00:46] step   40/120 | 137.8s | reward=+0.297 cor=0.30 zv=0.62 | gate_w=0.629 pos_w=0.205 ent=0.879 sel=0.62 | kl=0.0001 | len=600 trunc=0.20 | lr=8.43e-06 | ETA 02h11m | $1.18 so far, ~$2.21 left
[2026-10-07 06:08:29] step   45/120 |  97.8s | reward=+0.383 cor=0.38 zv=0.62 | gate_w=0.599 pos_w=0.234 ent=0.621 sel=0.62 | kl=0.0001 | len=478 trunc=0.05 | lr=7.87e-06 | ETA 02h00m | $1.31 so far, ~$2.03 left
[2026-10-07 06:15:01] merged-generation gap (mean |dlogit|): copy-vs-LoRA 1.03e-01, base-vs-LoRA 1.09e-01
[2026-10-07 06:15:01] checkpoint saved at step 50
[2026-10-07 06:16:43] step   50/120 | 102.4s | reward=+0.422 cor=0.42 zv=0.38 | gate_w=0.459 pos_w=0.169 ent=0.661 sel=0.44 | kl=0.0002 | len=505 trunc=0.07 | lr=7.24e-06 | ETA 01h52m | $1.45 so far, ~$1.89 left
[2026-10-07 06:24:42] step   55/120 |  97.5s | reward=+0.422 cor=0.42 zv=0.50 | gate_w=0.629 pos_w=0.351 ent=0.617 sel=0.62 | kl=0.0009 | len=488 trunc=0.09 | lr=6.57e-06 | ETA 01h44m | $1.58 so far, ~$1.75 left
[2026-10-07 06:32:37] step   60/120 |  92.7s | reward=+0.727 cor=0.73 zv=0.50 | gate_w=0.253 pos_w=0.120 ent=0.540 sel=0.25 | kl=0.0003 | len=497 trunc=0.12 | lr=5.87e-06 | ETA 01h31m | $1.71 so far, ~$1.54 left
[2026-10-07 06:40:25] step   65/120 |  90.7s | reward=+0.352 cor=0.35 zv=0.19 | gate_w=0.681 pos_w=0.469 ent=0.806 sel=0.69 | kl=0.0003 | len=640 trunc=0.14 | lr=5.15e-06 | ETA 01h23m | $1.85 so far, ~$1.40 left
[2026-10-07 06:48:18] step   70/120 |  89.3s | reward=+0.328 cor=0.33 zv=0.50 | gate_w=0.693 pos_w=0.448 ent=0.353 sel=0.69 | kl=0.0001 | len=527 trunc=0.07 | lr=4.42e-06 | ETA 01h15m | $1.98 so far, ~$1.27 left
[2026-10-07 06:55:04] merged-generation gap (mean |dlogit|): copy-vs-LoRA 9.98e-02, base-vs-LoRA 1.26e-01
[2026-10-07 06:55:04] checkpoint saved at step 75
[2026-10-07 06:56:53] step   75/120 | 109.0s | reward=+0.398 cor=0.40 zv=0.38 | gate_w=0.438 pos_w=0.095 ent=0.569 sel=0.44 | kl=0.0002 | len=504 trunc=0.05 | lr=3.71e-06 | ETA 01h08m | $2.12 so far, ~$1.16 left
[2026-10-07 07:05:13] step   80/120 | 108.2s | reward=+0.469 cor=0.47 zv=0.38 | gate_w=0.379 pos_w=0.195 ent=0.564 sel=0.38 | kl=0.0004 | len=495 trunc=0.09 | lr=3.02e-06 | ETA 01h03m | $2.26 so far, ~$1.06 left
[2026-10-07 07:13:00] step   85/120 | 100.2s | reward=+0.414 cor=0.41 zv=0.50 | gate_w=0.565 pos_w=0.285 ent=0.653 sel=0.56 | kl=0.0003 | len=602 trunc=0.18 | lr=2.38e-06 | ETA 00h55m | $2.39 so far, ~$0.93 left
[2026-10-07 07:21:09] step   90/120 | 104.8s | reward=+0.352 cor=0.35 zv=0.69 | gate_w=0.634 pos_w=0.388 ent=0.658 sel=0.62 | kl=0.0005 | len=497 trunc=0.05 | lr=1.79e-06 | ETA 00h47m | $2.53 so far, ~$0.80 left
[2026-10-07 07:29:43] step   95/120 |  87.9s | reward=+0.383 cor=0.38 zv=0.50 | gate_w=0.676 pos_w=0.699 ent=0.564 sel=0.69 | kl=0.0008 | len=580 trunc=0.15 | lr=1.26e-06 | ETA 00h38m | $2.67 so far, ~$0.65 left
[2026-10-07 07:36:48] merged-generation gap (mean |dlogit|): copy-vs-LoRA 1.00e-01, base-vs-LoRA 1.09e-01
[2026-10-07 07:36:48] checkpoint saved at step 100
[2026-10-07 07:42:17] [monitor eval @ 100] Pass@k={1: 0.27799999999999997, 2: 0.36177777777777775, 3: 0.40850000000000003, 5: 0.46182539682539686, 10: 0.54} slope=-0.0094
[2026-10-07 07:43:55] step  100/120 |  97.8s | reward=+0.406 cor=0.41 zv=0.44 | gate_w=0.679 pos_w=0.496 ent=0.757 sel=0.69 | kl=0.0006 | len=513 trunc=0.09 | lr=8.23e-07 | ETA 00h30m | $2.91 so far, ~$0.52 left
[2026-10-07 07:51:30] step  105/120 |  90.3s | reward=+0.242 cor=0.24 zv=0.50 | gate_w=0.866 pos_w=0.470 ent=0.673 sel=0.88 | kl=0.0006 | len=528 trunc=0.09 | lr=4.68e-07 | ETA 00h22m | $3.04 so far, ~$0.38 left
[2026-10-07 08:00:17] step  110/120 |  88.3s | reward=+0.344 cor=0.34 zv=0.31 | gate_w=0.508 pos_w=0.251 ent=0.731 sel=0.50 | kl=0.0004 | len=485 trunc=0.07 | lr=2.10e-07 | ETA 00h14m | $3.18 so far, ~$0.24 left
[2026-10-07 08:08:46] step  115/120 | 107.6s | reward=+0.414 cor=0.41 zv=0.50 | gate_w=0.552 pos_w=0.314 ent=0.668 sel=0.56 | kl=0.0005 | len=458 trunc=0.05 | lr=5.28e-08 | ETA 00h06m | $3.33 so far, ~$0.11 left
[2026-10-07 08:16:05] step  119/120 | 118.4s | reward=+0.266 cor=0.27 zv=0.38 | gate_w=0.568 pos_w=0.286 ent=0.738 sel=0.56 | kl=0.0006 | len=530 trunc=0.07 | lr=2.12e-09 | ETA 00h00m | $3.45 so far, ~$0.00 left
[2026-10-07 08:16:05] checkpoint saved at step 120
[2026-10-07 08:16:07] Training complete in 03h25m -> /home/ubuntu/artifacts/runs/h_cb_grpo/0.5B/seed0
[2026-10-07 08:16:08] [eval] math500: 500 problems x 32 samples
[2026-10-07 10:30:54] [eval] math500: Pass@k={1: 0.3121875, 2: 0.41539112903225806, 4: 0.513119744160178, 8: 0.6011349567895952, 16: 0.6803580829146663, 32: 0.75} (134.8 min)
